
> @golf-charity/web@0.0.1 build
> npx vite build

[36mvite v6.4.1 [32mbuilding for production...[36m[39m
transforming...
[32mΓ£ô[39m 2043 modules transformed.
rendering chunks...
